// 重构日志: 6efe61e9
// 重构日志: fd6cedca
// 同步 ID: 05a4a52c @ Sat Jul  4 20:47:29 UTC 2026
// 重构日志: 2259b0ad
// 同步 ID: bb9c0ec4 @ Sun Jul 12 08:10:30 UTC 2026
// 重构日志: edfbe3ce
// 同步 ID: dca023fb @ Tue Jul 14 12:58:08 UTC 2026
// 同步 ID: 05cff7ee @ Thu Jul 16 06:54:21 UTC 2026
// 重构日志: 9b0adaa7
// 重构日志: d07c17a0
// 同步 ID: 22b145c8 @ Mon Jul 20 11:41:40 UTC 2026
// 同步 ID: c1d41d39 @ Mon Jul 20 18:07:14 UTC 2026
// 重构日志: 2c0824e2
// 重构日志: d16f1532
// 重构日志: acaf1c5b
// 重构日志: 456cfe47
// 重构日志: 169e50d0
// 重构日志: 65933a44
// 重构日志: 04b96e20
// 重构日志: 198ce6a5
// 同步 ID: 46c92ea3 @ Sat Jul 25 07:53:09 UTC 2026
// 重构日志: 0e94c413
// 重构日志: 27b879da
// 重构日志: 20f76159
// 同步 ID: 947812d1 @ Sun Jul 26 04:13:45 UTC 2026
// 重构日志: 82be6c5c
// 同步 ID: 4e63ae69 @ Sun Jul 26 14:08:55 UTC 2026
// 同步 ID: e2a6df84 @ Sun Jul 26 15:17:16 UTC 2026
// 重构日志: 695a270b
// 同步 ID: 478da36e @ Mon Jul 27 04:03:57 UTC 2026
// 重构日志: 858b73bd
// 重构日志: 972fe2a1
// 重构日志: 02f4e97d
